// Jest Snapshot v1, https://goo.gl/fbAQLP

exports[`Replay parsing tests ignores a player entry in reforged extraPlayerList that misses in playerList 1`] = `
Array [
  Player {
    "_lastActionWasDeselect": false,
    "_lastRetrainingTime": 0,
    "_retrainingMetadata": Object {},
    "actions": Object {
      "ability": 54,
      "assigngroup": 87,
      "basic": 0,
      "buildtrain": 406,
      "esc": 1,
      "item": 0,
      "removeunit": 0,
      "rightclick": 3509,
      "select": 17,
      "selecthotkey": 1,
      "subgroup": 0,
      "timed": Array [
        46,
        248,
        260,
        210,
        253,
        249,
        249,
        257,
        261,
        117,
        258,
        267,
        255,
        125,
        208,
        251,
        252,
        235,
        74,
      ],
    },
    "apm": 222,
    "buildings": Object {
      "order": Array [],
      "summary": Object {},
    },
    "color": "#ff0303",
    "currentTimePlayed": 1100717,
    "heroCollector": Object {},
    "heroCount": 0,
    "heroes": Array [],
    "id": 1,
    "items": Object {
      "order": Array [],
      "summary": Object {},
    },
    "name": "Tallah#2192",
    "race": "H",
    "raceDetected": "H",
    "teamid": 0,
    "units": Object {
      "order": Array [],
      "summary": Object {},
    },
    "upgrades": Object {
      "order": Array [],
      "summary": Object {},
    },
  },
  Player {
    "_lastActionWasDeselect": false,
    "_lastRetrainingTime": 0,
    "_retrainingMetadata": Object {},
    "actions": Object {
      "ability": 21,
      "assigngroup": 0,
      "basic": 0,
      "buildtrain": 69,
      "esc": 0,
      "item": 0,
      "removeunit": 0,
      "rightclick": 1240,
      "select": 11,
      "selecthotkey": 0,
      "subgroup": 0,
      "timed": Array [
        55,
        64,
        82,
        54,
        25,
        58,
        94,
        128,
        76,
        43,
        30,
        188,
        31,
        167,
        101,
        16,
        79,
        37,
        13,
      ],
    },
    "apm": 74,
    "buildings": Object {
      "order": Array [],
      "summary": Object {},
    },
    "color": "#0042ff",
    "currentTimePlayed": 1092528,
    "heroCollector": Object {},
    "heroCount": 0,
    "heroes": Array [],
    "id": 2,
    "items": Object {
      "order": Array [],
      "summary": Object {},
    },
    "name": "RaNgeR#2873",
    "race": "H",
    "raceDetected": "H",
    "teamid": 0,
    "units": Object {
      "order": Array [],
      "summary": Object {},
    },
    "upgrades": Object {
      "order": Array [],
      "summary": Object {},
    },
  },
  Player {
    "_lastActionWasDeselect": false,
    "_lastRetrainingTime": 0,
    "_retrainingMetadata": Object {},
    "actions": Object {
      "ability": 74,
      "assigngroup": 94,
      "basic": 0,
      "buildtrain": 552,
      "esc": 0,
      "item": 0,
      "removeunit": 0,
      "rightclick": 4598,
      "select": 38,
      "selecthotkey": 0,
      "subgroup": 0,
      "timed": Array [
        128,
        325,
        334,
        342,
        367,
        342,
        338,
        326,
        345,
        172,
        329,
        311,
        325,
        182,
        268,
        284,
        270,
        288,
        80,
      ],
    },
    "apm": 290,
    "buildings": Object {
      "order": Array [],
      "summary": Object {},
    },
    "color": "#1ce6b9",
    "currentTimePlayed": 1108860,
    "heroCollector": Object {},
    "heroCount": 0,
    "heroes": Array [],
    "id": 3,
    "items": Object {
      "order": Array [],
      "summary": Object {},
    },
    "name": "Banjo#12494",
    "race": "H",
    "raceDetected": "H",
    "teamid": 0,
    "units": Object {
      "order": Array [],
      "summary": Object {},
    },
    "upgrades": Object {
      "order": Array [],
      "summary": Object {},
    },
  },
  Player {
    "_lastActionWasDeselect": false,
    "_lastRetrainingTime": 0,
    "_retrainingMetadata": Object {},
    "actions": Object {
      "ability": 0,
      "assigngroup": 0,
      "basic": 0,
      "buildtrain": 2,
      "esc": 0,
      "item": 0,
      "removeunit": 0,
      "rightclick": 0,
      "select": 5,
      "selecthotkey": 0,
      "subgroup": 0,
      "timed": Array [
        0,
        4,
        0,
        1,
        0,
        0,
        2,
        0,
        0,
        0,
        0,
        0,
        0,
        0,
        0,
        0,
        0,
        0,
        0,
      ],
    },
    "apm": 0,
    "buildings": Object {
      "order": Array [],
      "summary": Object {},
    },
    "color": "#fe8a0e",
    "currentTimePlayed": 1108860,
    "heroCollector": Object {},
    "heroCount": 0,
    "heroes": Array [],
    "id": 4,
    "items": Object {
      "order": Array [],
      "summary": Object {},
    },
    "name": "TrencH#11363",
    "race": "H",
    "raceDetected": "H",
    "teamid": 0,
    "units": Object {
      "order": Array [],
      "summary": Object {},
    },
    "upgrades": Object {
      "order": Array [],
      "summary": Object {},
    },
  },
  Player {
    "_lastActionWasDeselect": false,
    "_lastRetrainingTime": 0,
    "_retrainingMetadata": Object {},
    "actions": Object {
      "ability": 47,
      "assigngroup": 0,
      "basic": 0,
      "buildtrain": 265,
      "esc": 0,
      "item": 0,
      "removeunit": 0,
      "rightclick": 3758,
      "select": 11,
      "selecthotkey": 0,
      "subgroup": 0,
      "timed": Array [
        30,
        230,
        245,
        243,
        240,
        260,
        231,
        248,
        251,
        114,
        274,
        264,
        250,
        117,
        223,
        257,
        249,
        254,
        101,
      ],
    },
    "apm": 221,
    "buildings": Object {
      "order": Array [],
      "summary": Object {},
    },
    "color": "#fffc00",
    "currentTimePlayed": 1108907,
    "heroCollector": Object {},
    "heroCount": 0,
    "heroes": Array [],
    "id": 11,
    "items": Object {
      "order": Array [],
      "summary": Object {},
    },
    "name": "second536#1404",
    "race": "H",
    "raceDetected": "H",
    "teamid": 0,
    "units": Object {
      "order": Array [],
      "summary": Object {},
    },
    "upgrades": Object {
      "order": Array [],
      "summary": Object {},
    },
  },
  Player {
    "_lastActionWasDeselect": false,
    "_lastRetrainingTime": 0,
    "_retrainingMetadata": Object {},
    "actions": Object {
      "ability": 40,
      "assigngroup": 1535,
      "basic": 0,
      "buildtrain": 238,
      "esc": 0,
      "item": 0,
      "removeunit": 0,
      "rightclick": 4807,
      "select": 11,
      "selecthotkey": 0,
      "subgroup": 0,
      "timed": Array [
        86,
        336,
        376,
        370,
        329,
        363,
        347,
        334,
        353,
        191,
        423,
        441,
        409,
        336,
        411,
        428,
        488,
        461,
        149,
      ],
    },
    "apm": 359,
    "buildings": Object {
      "order": Array [],
      "summary": Object {},
    },
    "color": "#20c000",
    "currentTimePlayed": 1108860,
    "heroCollector": Object {},
    "heroCount": 0,
    "heroes": Array [],
    "id": 5,
    "items": Object {
      "order": Array [],
      "summary": Object {},
    },
    "name": "Gravedigger#11445",
    "race": "H",
    "raceDetected": "H",
    "teamid": 1,
    "units": Object {
      "order": Array [],
      "summary": Object {},
    },
    "upgrades": Object {
      "order": Array [],
      "summary": Object {},
    },
  },
  Player {
    "_lastActionWasDeselect": false,
    "_lastRetrainingTime": 0,
    "_retrainingMetadata": Object {},
    "actions": Object {
      "ability": 37,
      "assigngroup": 12,
      "basic": 0,
      "buildtrain": 685,
      "esc": 0,
      "item": 0,
      "removeunit": 0,
      "rightclick": 3307,
      "select": 36,
      "selecthotkey": 20,
      "subgroup": 0,
      "timed": Array [
        95,
        252,
        237,
        276,
        271,
        224,
        235,
        245,
        196,
        105,
        306,
        248,
        263,
        150,
        153,
        298,
        221,
        252,
        70,
      ],
    },
    "apm": 223,
    "buildings": Object {
      "order": Array [],
      "summary": Object {},
    },
    "color": "#4a2a04",
    "currentTimePlayed": 1104098,
    "heroCollector": Object {},
    "heroCount": 0,
    "heroes": Array [],
    "id": 6,
    "items": Object {
      "order": Array [],
      "summary": Object {},
    },
    "name": "Niko#25549",
    "race": "H",
    "raceDetected": "H",
    "teamid": 1,
    "units": Object {
      "order": Array [],
      "summary": Object {},
    },
    "upgrades": Object {
      "order": Array [],
      "summary": Object {},
    },
  },
  Player {
    "_lastActionWasDeselect": false,
    "_lastRetrainingTime": 0,
    "_retrainingMetadata": Object {},
    "actions": Object {
      "ability": 33,
      "assigngroup": 269,
      "basic": 0,
      "buildtrain": 856,
      "esc": 0,
      "item": 0,
      "removeunit": 0,
      "rightclick": 4064,
      "select": 22,
      "selecthotkey": 9,
      "subgroup": 0,
      "timed": Array [
        203,
        299,
        345,
        306,
        359,
        339,
        287,
        312,
        273,
        123,
        345,
        300,
        318,
        181,
        272,
        353,
        253,
        349,
        36,
      ],
    },
    "apm": 289,
    "buildings": Object {
      "order": Array [],
      "summary": Object {},
    },
    "color": "#959697",
    "currentTimePlayed": 1089940,
    "heroCollector": Object {},
    "heroCount": 0,
    "heroes": Array [],
    "id": 7,
    "items": Object {
      "order": Array [],
      "summary": Object {},
    },
    "name": "Enclop#21668",
    "race": "H",
    "raceDetected": "H",
    "teamid": 1,
    "units": Object {
      "order": Array [],
      "summary": Object {},
    },
    "upgrades": Object {
      "order": Array [],
      "summary": Object {},
    },
  },
  Player {
    "_lastActionWasDeselect": false,
    "_lastRetrainingTime": 0,
    "_retrainingMetadata": Object {},
    "actions": Object {
      "ability": 0,
      "assigngroup": 0,
      "basic": 0,
      "buildtrain": 2,
      "esc": 0,
      "item": 0,
      "removeunit": 0,
      "rightclick": 0,
      "select": 4,
      "selecthotkey": 0,
      "subgroup": 0,
      "timed": Array [
        4,
        0,
        1,
        1,
        0,
        0,
        0,
        0,
        0,
        0,
        0,
        0,
        0,
        0,
        0,
        0,
        0,
        0,
        0,
      ],
    },
    "apm": 0,
    "buildings": Object {
      "order": Array [],
      "summary": Object {},
    },
    "color": "#e55bb0",
    "currentTimePlayed": 1099704,
    "heroCollector": Object {},
    "heroCount": 0,
    "heroes": Array [],
    "id": 8,
    "items": Object {
      "order": Array [],
      "summary": Object {},
    },
    "name": "Ziggs#11403",
    "race": "H",
    "raceDetected": "H",
    "teamid": 1,
    "units": Object {
      "order": Array [],
      "summary": Object {},
    },
    "upgrades": Object {
      "order": Array [],
      "summary": Object {},
    },
  },
  Player {
    "_lastActionWasDeselect": false,
    "_lastRetrainingTime": 0,
    "_retrainingMetadata": Object {},
    "actions": Object {
      "ability": 24,
      "assigngroup": 0,
      "basic": 0,
      "buildtrain": 111,
      "esc": 0,
      "item": 0,
      "removeunit": 0,
      "rightclick": 3090,
      "select": 13,
      "selecthotkey": 0,
      "subgroup": 0,
      "timed": Array [
        10,
        193,
        183,
        172,
        181,
        209,
        232,
        197,
        167,
        106,
        234,
        220,
        196,
        148,
        131,
        201,
        193,
        191,
        74,
      ],
    },
    "apm": 175,
    "buildings": Object {
      "order": Array [],
      "summary": Object {},
    },
    "color": "#106246",
    "currentTimePlayed": 1109001,
    "heroCollector": Object {},
    "heroCount": 0,
    "heroes": Array [],
    "id": 10,
    "items": Object {
      "order": Array [],
      "summary": Object {},
    },
    "name": "BunsInHotDog#1757",
    "race": "H",
    "raceDetected": "H",
    "teamid": 1,
    "units": Object {
      "order": Array [],
      "summary": Object {},
    },
    "upgrades": Object {
      "order": Array [],
      "summary": Object {},
    },
  },
]
`;
